#Name:     
#Cmdline:  
#Exe:      
#SimulatorVersion:
#Repro:    
#Start:    Saturday Sat Oct 19 15:35:23 2024
#Elapsed:  0.002073s
{0000000000 00000000 top.lsu info} req_inst_: Instruction: 'uid:0 BEFORE_FETCH 0 pid:1 uopid:0 'lw	5,3' ' Requested
{0000000000 00000000 top.dcache info} receiveMemReqFromLSU_: Received memory access request from LSU memptr: deadbeef uid:0 BEFORE_FETCH 0 pid:1 uopid:0 'lw	5,3' 
{0000000000 00000000 top.dcache info} arbitrateL2LsuReq_: Received LSU request memptr: deadbeef uid:0 BEFORE_FETCH 0 pid:1 uopid:0 'lw	5,3' 
{0000000001 00000001 top.dcache info} handleLookup_: Lookup stage
{0000000001 00000001 top.dcache info} handleLookup_: memptr: deadbeef uid:0 BEFORE_FETCH 0 pid:1 uopid:0 'lw	5,3'  in Lookup stage
{0000000001 00000001 top.dcache info} dataLookup_: DL1 DCache MISS: phyAddr=0xdeadbeef
{0000000001 00000001 top.dcache info} handleLookup_: memptr: deadbeef uid:0 BEFORE_FETCH 0 pid:1 uopid:0 'lw	5,3'  performing lookup 0
{0000000001 00000001 top.dcache info} handleLookup_: Creating new MSHR Entry memptr: deadbeef uid:0 BEFORE_FETCH 0 pid:1 uopid:0 'lw	5,3' 
{0000000001 00000001 top.dcache info} handleLookup_: Load miss inst to LMQ; block address:0xdeadbee0
{0000000001 00000001 top.lsu info} ReceiveAck_: Ack: 'memptr: deadbeef uid:0 BEFORE_FETCH 0 pid:1 uopid:0 'lw	5,3' ' Received
{0000000001 00000001 top.dcache info} mshrRequest_: Send mshr req
{0000000001 00000001 top.dcache info} mshrRequest_: Sending mshr request when not busy memptr: deadbeef uid:0 BEFORE_FETCH 0 pid:1 uopid:0 'lw	5,3' 
{0000000002 00000002 top.next_lvl info} sinkInst_: Instruction: 'uid:0 BEFORE_FETCH 0 pid:1 uopid:0 'lw	5,3' ' sinked
{0000000002 00000002 top.dcache info} handleDataRead_: Data Read stage
{0000000002 00000002 top.dcache info} handleDataRead_: memptr: deadbeef uid:0 BEFORE_FETCH 0 pid:1 uopid:0 'lw	5,3'  in read stage
{0000000002 00000002 top.lsu info} ReceiveAck_: Ack: 'memptr: deadbeef uid:0 BEFORE_FETCH 0 pid:1 uopid:0 'lw	5,3' ' Received
{0000000003 00000003 top.dcache info} handleDeallocate_: Data Dellocate stage
{0000000003 00000003 top.dcache info} handleDeallocate_: memptr: deadbeef uid:0 BEFORE_FETCH 0 pid:1 uopid:0 'lw	5,3'  in deallocate stage
{0000000003 00000003 top.dcache info} handleDeallocate_: Deallocating pipeline for memptr: deadbeef uid:0 BEFORE_FETCH 0 pid:1 uopid:0 'lw	5,3' 
{0000000003 00000003 top.dcache info} mshrRequest_: Send mshr req
{0000000007 00000007 top.dcache info} receiveRespFromL2Cache_: Received cache refill memptr: deadbeef uid:0 BEFORE_FETCH 0 pid:1 uopid:0 'lw	5,3' 
{0000000007 00000007 top.dcache info} receiveRespFromL2Cache_: Removing mshr entry for memptr: deadbeef uid:0 BEFORE_FETCH 0 pid:1 uopid:0 'lw	5,3' 
{0000000007 00000007 top.dcache info} arbitrateL2LsuReq_: Received Refill request memptr: deadbeef uid:0 BEFORE_FETCH 0 pid:1 uopid:0 'lw	5,3' 
{0000000008 00000008 top.dcache info} handleLookup_: Lookup stage
{0000000008 00000008 top.dcache info} handleLookup_: memptr: deadbeef uid:0 BEFORE_FETCH 0 pid:1 uopid:0 'lw	5,3'  in Lookup stage
{0000000008 00000008 top.dcache info} handleLookup_: Incoming cache refill memptr: deadbeef uid:0 BEFORE_FETCH 0 pid:1 uopid:0 'lw	5,3' 
{0000000008 00000008 top.lsu info} req_inst_: Instruction: 'uid:1 BEFORE_FETCH 0 pid:2 uopid:0 'lw	5,3' ' Requested
{0000000008 00000008 top.dcache info} receiveMemReqFromLSU_: Received memory access request from LSU memptr: deedbeef uid:1 BEFORE_FETCH 0 pid:2 uopid:0 'lw	5,3' 
{0000000008 00000008 top.dcache info} mshrRequest_: Send mshr req
{0000000008 00000008 top.dcache info} arbitrateL2LsuReq_: Received LSU request memptr: deedbeef uid:1 BEFORE_FETCH 0 pid:2 uopid:0 'lw	5,3' 
{0000000009 00000009 top.dcache info} handleLookup_: Lookup stage
{0000000009 00000009 top.dcache info} handleLookup_: memptr: deedbeef uid:1 BEFORE_FETCH 0 pid:2 uopid:0 'lw	5,3'  in Lookup stage
{0000000009 00000009 top.dcache info} dataLookup_: DL1 DCache MISS: phyAddr=0xdeedbeef
{0000000009 00000009 top.dcache info} handleLookup_: memptr: deedbeef uid:1 BEFORE_FETCH 0 pid:2 uopid:0 'lw	5,3'  performing lookup 0
{0000000009 00000009 top.dcache info} handleLookup_: Creating new MSHR Entry memptr: deedbeef uid:1 BEFORE_FETCH 0 pid:2 uopid:0 'lw	5,3' 
{0000000009 00000009 top.dcache info} handleLookup_: Load miss inst to LMQ; block address:0xdeedbee0
{0000000009 00000009 top.lsu info} ReceiveAck_: Ack: 'memptr: deedbeef uid:1 BEFORE_FETCH 0 pid:2 uopid:0 'lw	5,3' ' Received
{0000000009 00000009 top.dcache info} handleDataRead_: Data Read stage
{0000000009 00000009 top.dcache info} handleDataRead_: memptr: deadbeef uid:0 BEFORE_FETCH 0 pid:1 uopid:0 'lw	5,3'  in read stage
{0000000009 00000009 top.dcache info} reloadCache_: DCache reload complete!
{0000000009 00000009 top.dcache info} mshrRequest_: Send mshr req
{0000000009 00000009 top.dcache info} mshrRequest_: Sending mshr request when not busy memptr: deedbeef uid:1 BEFORE_FETCH 0 pid:2 uopid:0 'lw	5,3' 
{0000000010 00000010 top.next_lvl info} sinkInst_: Instruction: 'uid:1 BEFORE_FETCH 0 pid:2 uopid:0 'lw	5,3' ' sinked
{0000000010 00000010 top.dcache info} handleDataRead_: Data Read stage
{0000000010 00000010 top.dcache info} handleDataRead_: memptr: deedbeef uid:1 BEFORE_FETCH 0 pid:2 uopid:0 'lw	5,3'  in read stage
{0000000010 00000010 top.lsu info} ReceiveAck_: Ack: 'memptr: deedbeef uid:1 BEFORE_FETCH 0 pid:2 uopid:0 'lw	5,3' ' Received
{0000000010 00000010 top.dcache info} handleDeallocate_: Data Dellocate stage
{0000000010 00000010 top.dcache info} handleDeallocate_: memptr: deadbeef uid:0 BEFORE_FETCH 0 pid:1 uopid:0 'lw	5,3'  in deallocate stage
{0000000010 00000010 top.lsu info} ReceiveAck_: Ack: 'memptr: deedbeef uid:1 BEFORE_FETCH 0 pid:2 uopid:0 'lw	5,3' ' Received
{0000000010 00000010 top.dcache info} handleDeallocate_: Removing mshr entry for memptr: deadbeef uid:0 BEFORE_FETCH 0 pid:1 uopid:0 'lw	5,3' 
{0000000011 00000011 top.dcache info} handleDeallocate_: Data Dellocate stage
{0000000011 00000011 top.dcache info} handleDeallocate_: memptr: deedbeef uid:1 BEFORE_FETCH 0 pid:2 uopid:0 'lw	5,3'  in deallocate stage
{0000000011 00000011 top.dcache info} handleDeallocate_: Deallocating pipeline for memptr: deedbeef uid:1 BEFORE_FETCH 0 pid:2 uopid:0 'lw	5,3' 
{0000000011 00000011 top.dcache info} mshrRequest_: Send mshr req
{0000000015 00000015 top.dcache info} receiveRespFromL2Cache_: Received cache refill memptr: deedbeef uid:1 BEFORE_FETCH 0 pid:2 uopid:0 'lw	5,3' 
{0000000015 00000015 top.dcache info} arbitrateL2LsuReq_: Received Refill request memptr: deedbeef uid:1 BEFORE_FETCH 0 pid:2 uopid:0 'lw	5,3' 
{0000000016 00000016 top.dcache info} handleLookup_: Lookup stage
{0000000016 00000016 top.dcache info} handleLookup_: memptr: deedbeef uid:1 BEFORE_FETCH 0 pid:2 uopid:0 'lw	5,3'  in Lookup stage
{0000000016 00000016 top.dcache info} handleLookup_: Incoming cache refill memptr: deedbeef uid:1 BEFORE_FETCH 0 pid:2 uopid:0 'lw	5,3' 
{0000000016 00000016 top.dcache info} mshrRequest_: Send mshr req
{0000000017 00000017 top.dcache info} handleDataRead_: Data Read stage
{0000000017 00000017 top.dcache info} handleDataRead_: memptr: deedbeef uid:1 BEFORE_FETCH 0 pid:2 uopid:0 'lw	5,3'  in read stage
{0000000017 00000017 top.dcache info} reloadCache_: DCache reload complete!
{0000000018 00000018 top.dcache info} handleDeallocate_: Data Dellocate stage
{0000000018 00000018 top.dcache info} handleDeallocate_: memptr: deedbeef uid:1 BEFORE_FETCH 0 pid:2 uopid:0 'lw	5,3'  in deallocate stage
