#Name:     
#Cmdline:  
#Exe:      
#SimulatorVersion:
#Repro:    
#Start:    Saturday Sat Dec  9 15:44:33 2023
#Elapsed:  0.002714s
{0000000000 -------- top info} No input file specified, exiting gracefully, output not checked
