#Name:     
#Cmdline:  
#Exe:      
#SimulatorVersion:
#Repro:    
#Start:    Friday Fri Nov 25 19:41:44 2022
#Elapsed:  0.002631s
{0000000000 00000000 top.dispatch info} no rob credits or no instructions to process
{0000000000 00000000 top.dispatch info} ROB got 10 credits, total: 10
{0000000000 00000000 top.dispatch info} alu0 got 10 credits, total: 10
{0000000000 00000000 top.dispatch info} no rob credits or no instructions to process
{0000000000 00000000 top.dispatch info} alu1 got 10 credits, total: 10
{0000000000 00000000 top.dispatch info} no rob credits or no instructions to process
{0000000000 00000000 top.dispatch info} alu2 got 10 credits, total: 10
{0000000000 00000000 top.dispatch info} no rob credits or no instructions to process
{0000000000 00000000 top.dispatch info} alu3 got 10 credits, total: 10
{0000000000 00000000 top.dispatch info} no rob credits or no instructions to process
{0000000000 00000000 top.dispatch info} alu4 got 10 credits, total: 10
{0000000000 00000000 top.dispatch info} no rob credits or no instructions to process
{0000000000 00000000 top.dispatch info} alu5 got 10 credits, total: 10
{0000000000 00000000 top.dispatch info} no rob credits or no instructions to process
{0000000000 00000000 top.dispatch info} alu6 got 10 credits, total: 10
{0000000000 00000000 top.dispatch info} no rob credits or no instructions to process
{0000000000 00000000 top.dispatch info} alu7 got 10 credits, total: 10
{0000000000 00000000 top.dispatch info} no rob credits or no instructions to process
{0000000000 00000000 top.dispatch info} alu8 got 10 credits, total: 10
{0000000000 00000000 top.dispatch info} no rob credits or no instructions to process
{0000000000 00000000 top.dispatch info} alu9 got 10 credits, total: 10
{0000000000 00000000 top.dispatch info} no rob credits or no instructions to process
{0000000000 00000000 top.dispatch info} fpu0 got 10 credits, total: 10
{0000000000 00000000 top.dispatch info} no rob credits or no instructions to process
{0000000000 00000000 top.dispatch info} fpu1 got 10 credits, total: 10
{0000000000 00000000 top.dispatch info} no rob credits or no instructions to process
{0000000000 00000000 top.dispatch info} fpu2 got 10 credits, total: 10
{0000000000 00000000 top.dispatch info} no rob credits or no instructions to process
{0000000000 00000000 top.dispatch info} fpu3 got 10 credits, total: 10
{0000000000 00000000 top.dispatch info} no rob credits or no instructions to process
{0000000000 00000000 top.dispatch info} fpu4 got 10 credits, total: 10
{0000000000 00000000 top.dispatch info} no rob credits or no instructions to process
{0000000000 00000000 top.dispatch info} fpu5 got 10 credits, total: 10
{0000000000 00000000 top.dispatch info} no rob credits or no instructions to process
{0000000000 00000000 top.dispatch info} fpu6 got 10 credits, total: 10
{0000000000 00000000 top.dispatch info} no rob credits or no instructions to process
{0000000000 00000000 top.dispatch info} fpu7 got 10 credits, total: 10
{0000000000 00000000 top.dispatch info} no rob credits or no instructions to process
{0000000000 00000000 top.dispatch info} fpu8 got 10 credits, total: 10
{0000000000 00000000 top.dispatch info} no rob credits or no instructions to process
{0000000000 00000000 top.dispatch info} fpu9 got 10 credits, total: 10
{0000000000 00000000 top.dispatch info} no rob credits or no instructions to process
{0000000000 00000000 top.dispatch info} br0 got 10 credits, total: 10
{0000000000 00000000 top.dispatch info} no rob credits or no instructions to process
{0000000000 00000000 top.dispatch info} br1 got 10 credits, total: 10
{0000000000 00000000 top.dispatch info} no rob credits or no instructions to process
{0000000000 00000000 top.dispatch info} br2 got 10 credits, total: 10
{0000000000 00000000 top.dispatch info} no rob credits or no instructions to process
{0000000000 00000000 top.dispatch info} br3 got 10 credits, total: 10
{0000000000 00000000 top.dispatch info} no rob credits or no instructions to process
{0000000000 00000000 top.dispatch info} br4 got 10 credits, total: 10
{0000000000 00000000 top.dispatch info} no rob credits or no instructions to process
{0000000000 00000000 top.dispatch info} br5 got 10 credits, total: 10
{0000000000 00000000 top.dispatch info} no rob credits or no instructions to process
{0000000000 00000000 top.dispatch info} br6 got 10 credits, total: 10
{0000000000 00000000 top.dispatch info} no rob credits or no instructions to process
{0000000000 00000000 top.dispatch info} br7 got 10 credits, total: 10
{0000000000 00000000 top.dispatch info} no rob credits or no instructions to process
{0000000000 00000000 top.dispatch info} br8 got 10 credits, total: 10
{0000000000 00000000 top.dispatch info} no rob credits or no instructions to process
{0000000000 00000000 top.dispatch info} br9 got 10 credits, total: 10
{0000000000 00000000 top.dispatch info} no rob credits or no instructions to process
{0000000000 00000000 top.dispatch info} lsu got 10 credits, total: 10
{0000000000 00000000 top.dispatch info} no rob credits or no instructions to process
{0000000000 00000000 top.source_unit info} Got credits from dut: 10
{0000000000 00000000 top.source_unit info} Sending group: 0x00000000 UID(0)  PID(0)  add
{0000000001 00000001 top.dispatch info} queue appended: 0x00000000 UID(0)  PID(0)  add
{0000000001 00000001 top.dispatch info} Num to dispatch: 1
{0000000001 00000001 top.dispatch info} alu0: dispatching uid: 0 FETCHED 0 'add	3,1,2' 
{0000000001 00000001 top.dispatch info} Sending instruction: uid: 0 FETCHED 0 'add	3,1,2'  to alu0
{0000000001 00000001 top.source_unit info} Got credits from dut: 1
{0000000001 00000001 top.source_unit info} Sending group: 0x00000000 UID(1)  PID(0)  add
{0000000002 00000002 top.dispatch info} queue appended: 0x00000000 UID(1)  PID(0)  add
{0000000002 00000002 top.alu0 info} Instruction: 'uid: 0 FETCHED 0 'add	3,1,2' ' sinked
{0000000002 00000002 top.dispatch info} Num to dispatch: 1
{0000000002 00000002 top.dispatch info} alu0: dispatching uid: 1 FETCHED 0 'add	3,1,2' 
{0000000002 00000002 top.dispatch info} Sending instruction: uid: 1 FETCHED 0 'add	3,1,2'  to alu0
{0000000002 00000002 top.source_unit info} Got credits from dut: 1
{0000000002 00000002 top.source_unit info} Sending group: 0x00000000 UID(2)  PID(0)  add
{0000000003 00000003 top.dispatch info} queue appended: 0x00000000 UID(2)  PID(0)  add
{0000000003 00000003 top.alu0 info} Instruction: 'uid: 1 FETCHED 0 'add	3,1,2' ' sinked
{0000000003 00000003 top.dispatch info} alu0 got 2 credits, total: 10
{0000000003 00000003 top.dispatch info} Num to dispatch: 1
{0000000003 00000003 top.dispatch info} alu0: dispatching uid: 2 FETCHED 0 'add	3,1,2' 
{0000000003 00000003 top.dispatch info} Sending instruction: uid: 2 FETCHED 0 'add	3,1,2'  to alu0
{0000000003 00000003 top.source_unit info} Got credits from dut: 1
{0000000003 00000003 top.source_unit info} Sending group: 0x00000000 UID(3)  PID(0)  add
{0000000004 00000004 top.dispatch info} queue appended: 0x00000000 UID(3)  PID(0)  add
{0000000004 00000004 top.alu0 info} Instruction: 'uid: 2 FETCHED 0 'add	3,1,2' ' sinked
{0000000004 00000004 top.dispatch info} alu0 got 1 credits, total: 10
{0000000004 00000004 top.dispatch info} Num to dispatch: 1
{0000000004 00000004 top.dispatch info} alu0: dispatching uid: 3 FETCHED 0 'add	3,1,2' 
{0000000004 00000004 top.dispatch info} Sending instruction: uid: 3 FETCHED 0 'add	3,1,2'  to alu0
{0000000004 00000004 top.source_unit info} Got credits from dut: 1
{0000000004 00000004 top.source_unit info} Sending group: 0x00000000 UID(4)  PID(0)  add
{0000000005 00000005 top.dispatch info} queue appended: 0x00000000 UID(4)  PID(0)  add
{0000000005 00000005 top.alu0 info} Instruction: 'uid: 3 FETCHED 0 'add	3,1,2' ' sinked
{0000000005 00000005 top.dispatch info} alu0 got 1 credits, total: 10
{0000000005 00000005 top.dispatch info} Num to dispatch: 1
{0000000005 00000005 top.dispatch info} alu0: dispatching uid: 4 FETCHED 0 'add	3,1,2' 
{0000000005 00000005 top.dispatch info} Sending instruction: uid: 4 FETCHED 0 'add	3,1,2'  to alu0
{0000000005 00000005 top.source_unit info} Got credits from dut: 1
{0000000005 00000005 top.source_unit info} Sending group: 0x00000000 UID(5)  PID(0)  add
{0000000006 00000006 top.dispatch info} queue appended: 0x00000000 UID(5)  PID(0)  add
{0000000006 00000006 top.alu0 info} Instruction: 'uid: 4 FETCHED 0 'add	3,1,2' ' sinked
{0000000006 00000006 top.dispatch info} alu0 got 1 credits, total: 10
{0000000006 00000006 top.dispatch info} Num to dispatch: 1
{0000000006 00000006 top.dispatch info} alu0: dispatching uid: 5 FETCHED 0 'add	3,1,2' 
{0000000006 00000006 top.dispatch info} Sending instruction: uid: 5 FETCHED 0 'add	3,1,2'  to alu0
{0000000006 00000006 top.source_unit info} Got credits from dut: 1
{0000000006 00000006 top.source_unit info} Sending group: 0x00000000 UID(6)  PID(0)  add
{0000000007 00000007 top.dispatch info} queue appended: 0x00000000 UID(6)  PID(0)  add
{0000000007 00000007 top.alu0 info} Instruction: 'uid: 5 FETCHED 0 'add	3,1,2' ' sinked
{0000000007 00000007 top.dispatch info} alu0 got 1 credits, total: 10
{0000000007 00000007 top.dispatch info} Num to dispatch: 1
{0000000007 00000007 top.dispatch info} alu0: dispatching uid: 6 FETCHED 0 'add	3,1,2' 
{0000000007 00000007 top.dispatch info} Sending instruction: uid: 6 FETCHED 0 'add	3,1,2'  to alu0
{0000000007 00000007 top.source_unit info} Got credits from dut: 1
{0000000007 00000007 top.source_unit info} Sending group: 0x00000000 UID(7)  PID(0)  add
{0000000008 00000008 top.dispatch info} queue appended: 0x00000000 UID(7)  PID(0)  add
{0000000008 00000008 top.alu0 info} Instruction: 'uid: 6 FETCHED 0 'add	3,1,2' ' sinked
{0000000008 00000008 top.dispatch info} alu0 got 1 credits, total: 10
{0000000008 00000008 top.dispatch info} Num to dispatch: 1
{0000000008 00000008 top.dispatch info} alu0: dispatching uid: 7 FETCHED 0 'add	3,1,2' 
{0000000008 00000008 top.dispatch info} Sending instruction: uid: 7 FETCHED 0 'add	3,1,2'  to alu0
{0000000008 00000008 top.source_unit info} Got credits from dut: 1
{0000000008 00000008 top.source_unit info} Sending group: 0x00000000 UID(8)  PID(0)  add
{0000000009 00000009 top.dispatch info} queue appended: 0x00000000 UID(8)  PID(0)  add
{0000000009 00000009 top.alu0 info} Instruction: 'uid: 7 FETCHED 0 'add	3,1,2' ' sinked
{0000000009 00000009 top.dispatch info} alu0 got 1 credits, total: 10
{0000000009 00000009 top.dispatch info} Num to dispatch: 1
{0000000009 00000009 top.dispatch info} alu0: dispatching uid: 8 FETCHED 0 'add	3,1,2' 
{0000000009 00000009 top.dispatch info} Sending instruction: uid: 8 FETCHED 0 'add	3,1,2'  to alu0
{0000000009 00000009 top.source_unit info} Got credits from dut: 1
{0000000009 00000009 top.source_unit info} Sending group: 0x00000000 UID(9)  PID(0)  add
{0000000010 00000010 top.dispatch info} queue appended: 0x00000000 UID(9)  PID(0)  add
{0000000010 00000010 top.alu0 info} Instruction: 'uid: 8 FETCHED 0 'add	3,1,2' ' sinked
{0000000010 00000010 top.dispatch info} alu0 got 1 credits, total: 10
{0000000010 00000010 top.dispatch info} Num to dispatch: 1
{0000000010 00000010 top.dispatch info} alu0: dispatching uid: 9 FETCHED 0 'add	3,1,2' 
{0000000010 00000010 top.dispatch info} Sending instruction: uid: 9 FETCHED 0 'add	3,1,2'  to alu0
{0000000010 00000010 top.source_unit info} Got credits from dut: 1
{0000000010 00000010 top.source_unit info} Sending group: 0x00000000 UID(10)  PID(0)  add
{0000000011 00000011 top.dispatch info} queue appended: 0x00000000 UID(10)  PID(0)  add
{0000000011 00000011 top.dispatch info} no rob credits or no instructions to process
{0000000011 00000011 top.alu0 info} Instruction: 'uid: 9 FETCHED 0 'add	3,1,2' ' sinked
{0000000011 00000011 top.dispatch info} alu0 got 1 credits, total: 10
{0000000011 00000011 top.dispatch info} no rob credits or no instructions to process
{0000000012 00000012 top.dispatch info} alu0 got 0 credits, total: 10
{0000000012 00000012 top.dispatch info} no rob credits or no instructions to process
