#Name:     
#Cmdline:  
#Exe:      
#SimulatorVersion:
#Repro:    
#Start:    Tuesday Tue Jul 16 09:09:57 2024
#Elapsed:  0.003546s
{0000000000 00000000 top.dispatch info} Dispatch: mapping target: INTiq0
{0000000000 00000000 top.dispatch info} Dispatch: mapping target: MULiq0
{0000000000 00000000 top.dispatch info} Dispatch: mapping target: I2Fiq0
{0000000000 00000000 top.dispatch info} Dispatch: mapping target: CMOViq0
{0000000000 00000000 top.dispatch info} Dispatch: mapping target: DIViq0
{0000000000 00000000 top.dispatch info} Dispatch: mapping target: FLOATiq1
{0000000000 00000000 top.dispatch info} Dispatch: mapping target: FADDSUBiq1
{0000000000 00000000 top.dispatch info} Dispatch: mapping target: FMACiq1
{0000000000 00000000 top.dispatch info} Dispatch: mapping target: F2Iiq1
{0000000000 00000000 top.dispatch info} Dispatch: mapping target: BRiq2
{0000000000 00000000 top.dispatch info} Dispatch: mapping target: VINTiq3
{0000000000 00000000 top.dispatch info} Dispatch: mapping target: VSETiq3
{0000000000 00000000 top.dispatch info} Dispatch: mapping target: VDIViq3
{0000000000 00000000 top.dispatch info} Dispatch: mapping target: VMULiq3
{0000000000 00000000 top.execute.exe0 info} ExecutePipe: ExecutePipe construct: #0
{0000000000 00000000 top.execute.exe1 info} ExecutePipe: ExecutePipe construct: #1
{0000000000 00000000 top.execute.exe2 info} ExecutePipe: ExecutePipe construct: #2
{0000000000 00000000 top.execute.exe3 info} ExecutePipe: ExecutePipe construct: #3
{0000000000 00000000 top.dispatch info} scheduleDispatchSession: no rob credits or no instructions to process
{0000000000 00000000 top.dispatch info} robCredits_: ROB got 10 credits, total: 10
{0000000000 00000000 top.dispatch info} receiveCredits_: lsu got 10 credits, total: 10
{0000000000 00000000 top.dispatch info} scheduleDispatchSession: no rob credits or no instructions to process
{0000000000 00000000 top.dispatch info} receiveCredits_: iq0 got 8 credits, total: 8
{0000000000 00000000 top.dispatch info} scheduleDispatchSession: no rob credits or no instructions to process
{0000000000 00000000 top.dispatch info} receiveCredits_: iq1 got 8 credits, total: 8
{0000000000 00000000 top.dispatch info} scheduleDispatchSession: no rob credits or no instructions to process
{0000000000 00000000 top.dispatch info} receiveCredits_: iq2 got 8 credits, total: 8
{0000000000 00000000 top.dispatch info} scheduleDispatchSession: no rob credits or no instructions to process
{0000000000 00000000 top.dispatch info} receiveCredits_: iq3 got 8 credits, total: 8
{0000000000 00000000 top.dispatch info} scheduleDispatchSession: no rob credits or no instructions to process
{0000000000 00000000 top.decode info} inCredits: Got credits from dut: 10
{0000000000 00000000 top.decode info} Sending group: 0x00000000 UID(0)  PID(0)  add, 0x00000000 UID(1)  PID(0)  add, 0x00000000 UID(2)  PID(0)  add, 0x00000000 UID(3)  PID(0)  add, 0x00000000 UID(4)  PID(0)  add, 0x00000000 UID(5)  PID(0)  add, 0x00000000 UID(6)  PID(0)  add, 0x00000000 UID(7)  PID(0)  add, 0x00000000 UID(8)  PID(0)  add, 0x00000000 UID(9)  PID(0)  add
{0000000001 00000001 top.rename info} scheduleRenaming_: current stall: NOT_STALLED
{0000000001 00000001 top.rename info} renameInstructions_: sending inst to dispatch: uid: 0    RENAMED 0 pid: 0 uopid: 0 'add	2,0,1' 
{0000000001 00000001 top.rename info} renameInstructions_: 	setup source register bit mask [1] for 'integer' scoreboard
{0000000001 00000001 top.rename info} renameInstructions_: 	setup destination register bit mask [0] for 'integer' scoreboard
{0000000001 00000001 top.rename info} renameInstructions_: sending inst to dispatch: uid: 1    RENAMED 0 pid: 0 uopid: 0 'add	4,2,3' 
{0000000001 00000001 top.rename info} renameInstructions_: 	setup source register bit mask [0] for 'integer' scoreboard
{0000000001 00000001 top.rename info} renameInstructions_: 	setup source register bit mask [0,3] for 'integer' scoreboard
{0000000001 00000001 top.rename info} renameInstructions_: 	setup destination register bit mask [32] for 'integer' scoreboard
{0000000001 00000001 top.rename info} renameInstructions_: sending inst to dispatch: uid: 2    RENAMED 0 pid: 0 uopid: 0 'add	6,4,5' 
{0000000001 00000001 top.rename info} renameInstructions_: 	setup source register bit mask [32] for 'integer' scoreboard
{0000000001 00000001 top.rename info} renameInstructions_: 	setup source register bit mask [5,32] for 'integer' scoreboard
{0000000001 00000001 top.rename info} renameInstructions_: 	setup destination register bit mask [33] for 'integer' scoreboard
{0000000001 00000001 top.rename info} renameInstructions_: sending inst to dispatch: uid: 3    RENAMED 0 pid: 0 uopid: 0 'add	8,6,7' 
{0000000001 00000001 top.rename info} renameInstructions_: 	setup source register bit mask [33] for 'integer' scoreboard
{0000000001 00000001 top.rename info} renameInstructions_: 	setup source register bit mask [7,33] for 'integer' scoreboard
{0000000001 00000001 top.rename info} renameInstructions_: 	setup destination register bit mask [34] for 'integer' scoreboard
{0000000001 00000001 top.decode info} inCredits: Got credits from dut: 4
{0000000001 00000001 top.decode info} Sending group: 0x00000000 UID(10)  PID(0)  add, 0x00000000 UID(11)  PID(0)  add, 0x00000000 UID(12)  PID(0)  add, 0x00000000 UID(13)  PID(0)  add
{0000000002 00000002 top.dispatch info} dispatchQueueAppended_: queue appended: 0x00000000 UID(0)  PID(0)  add, 0x00000000 UID(1)  PID(0)  add, 0x00000000 UID(2)  PID(0)  add, 0x00000000 UID(3)  PID(0)  add
{0000000002 00000002 top.dispatch info} dispatchInstructions_: Num to dispatch: 3
{0000000002 00000002 top.dispatch info} acceptInst: iq0: dispatching uid: 0    RENAMED 0 pid: 0 uopid: 0 'add	2,0,1' 
{0000000002 00000002 top.dispatch info} dispatchInstructions_: Sending instruction: uid: 0 DISPATCHED 0 pid: 0 uopid: 0 'add	2,0,1'  to iq0 of target type: INT
{0000000002 00000002 top.dispatch info} dispatchInstructions_: Could not dispatch: uid: 1    RENAMED 0 pid: 0 uopid: 0 'add	4,2,3'  stall: INT_BUSY
{0000000002 00000002 top.rename info} scheduleRenaming_: current stall: NOT_STALLED
{0000000002 00000002 top.rename info} renameInstructions_: sending inst to dispatch: uid: 4    RENAMED 0 pid: 0 uopid: 0 'add	10,8,9' 
{0000000002 00000002 top.rename info} renameInstructions_: 	setup source register bit mask [34] for 'integer' scoreboard
{0000000002 00000002 top.rename info} renameInstructions_: 	setup source register bit mask [9,34] for 'integer' scoreboard
{0000000002 00000002 top.rename info} renameInstructions_: 	setup destination register bit mask [35] for 'integer' scoreboard
{0000000002 00000002 top.rename info} renameInstructions_: sending inst to dispatch: uid: 5    RENAMED 0 pid: 0 uopid: 0 'add	12,10,11' 
{0000000002 00000002 top.rename info} renameInstructions_: 	setup source register bit mask [35] for 'integer' scoreboard
{0000000002 00000002 top.rename info} renameInstructions_: 	setup source register bit mask [11,35] for 'integer' scoreboard
{0000000002 00000002 top.rename info} renameInstructions_: 	setup destination register bit mask [36] for 'integer' scoreboard
{0000000002 00000002 top.rename info} renameInstructions_: sending inst to dispatch: uid: 6    RENAMED 0 pid: 0 uopid: 0 'add	14,12,13' 
{0000000002 00000002 top.rename info} renameInstructions_: 	setup source register bit mask [36] for 'integer' scoreboard
{0000000002 00000002 top.rename info} renameInstructions_: 	setup source register bit mask [13,36] for 'integer' scoreboard
{0000000002 00000002 top.rename info} renameInstructions_: 	setup destination register bit mask [37] for 'integer' scoreboard
{0000000002 00000002 top.rename info} renameInstructions_: sending inst to dispatch: uid: 7    RENAMED 0 pid: 0 uopid: 0 'add	16,14,15' 
{0000000002 00000002 top.rename info} renameInstructions_: 	setup source register bit mask [37] for 'integer' scoreboard
{0000000002 00000002 top.rename info} renameInstructions_: 	setup source register bit mask [15,37] for 'integer' scoreboard
{0000000002 00000002 top.rename info} renameInstructions_: 	setup destination register bit mask [38] for 'integer' scoreboard
{0000000002 00000002 top.decode info} inCredits: Got credits from dut: 4
{0000000002 00000002 top.decode info} Sending group: 0x00000000 UID(14)  PID(0)  add, 0x00000000 UID(15)  PID(0)  add, 0x00000000 UID(16)  PID(0)  add, 0x00000000 UID(17)  PID(0)  add
{0000000003 00000003 top.execute.iq0 info} handleOperandIssueCheck_: Sending to issue queue uid: 0 DISPATCHED 0 pid: 0 uopid: 0 'add	2,0,1' 
{0000000003 00000003 top.dispatch info} dispatchQueueAppended_: queue appended: 0x00000000 UID(4)  PID(0)  add, 0x00000000 UID(5)  PID(0)  add, 0x00000000 UID(6)  PID(0)  add, 0x00000000 UID(7)  PID(0)  add
{0000000003 00000003 top.execute.iq0 info} sendReadyInsts_: Sending instruction uid: 0 DISPATCHED 0 pid: 0 uopid: 0 'add	2,0,1'  to exe_pipe exe0
{0000000003 00000003 top.execute.exe0 info} insertInst: Executing: uid: 0  SCHEDULED 0 pid: 0 uopid: 0 'add	2,0,1'  for 4
{0000000003 00000003 top.dispatch info} receiveCredits_: iq0 got 1 credits, total: 8
{0000000003 00000003 top.dispatch info} dispatchInstructions_: Num to dispatch: 3
{0000000003 00000003 top.dispatch info} acceptInst: iq0: dispatching uid: 1    RENAMED 0 pid: 0 uopid: 0 'add	4,2,3' 
{0000000003 00000003 top.dispatch info} dispatchInstructions_: Sending instruction: uid: 1 DISPATCHED 0 pid: 0 uopid: 0 'add	4,2,3'  to iq0 of target type: INT
{0000000003 00000003 top.dispatch info} dispatchInstructions_: Could not dispatch: uid: 2    RENAMED 0 pid: 0 uopid: 0 'add	6,4,5'  stall: INT_BUSY
{0000000003 00000003 top.rename info} scheduleRenaming_: current stall: NOT_STALLED
{0000000003 00000003 top.rename info} renameInstructions_: sending inst to dispatch: uid: 8    RENAMED 0 pid: 0 uopid: 0 'add	18,16,17' 
{0000000003 00000003 top.rename info} renameInstructions_: 	setup source register bit mask [38] for 'integer' scoreboard
{0000000003 00000003 top.rename info} renameInstructions_: 	setup source register bit mask [17,38] for 'integer' scoreboard
{0000000003 00000003 top.rename info} renameInstructions_: 	setup destination register bit mask [39] for 'integer' scoreboard
{0000000003 00000003 top.rename info} renameInstructions_: sending inst to dispatch: uid: 9    RENAMED 0 pid: 0 uopid: 0 'add	20,18,19' 
{0000000003 00000003 top.rename info} renameInstructions_: 	setup source register bit mask [39] for 'integer' scoreboard
{0000000003 00000003 top.rename info} renameInstructions_: 	setup source register bit mask [19,39] for 'integer' scoreboard
{0000000003 00000003 top.rename info} renameInstructions_: 	setup destination register bit mask [40] for 'integer' scoreboard
{0000000003 00000003 top.rename info} renameInstructions_: sending inst to dispatch: uid: 10    RENAMED 0 pid: 0 uopid: 0 'add	22,20,21' 
{0000000003 00000003 top.rename info} renameInstructions_: 	setup source register bit mask [40] for 'integer' scoreboard
{0000000003 00000003 top.rename info} renameInstructions_: 	setup source register bit mask [21,40] for 'integer' scoreboard
{0000000003 00000003 top.rename info} renameInstructions_: 	setup destination register bit mask [41] for 'integer' scoreboard
{0000000003 00000003 top.rename info} renameInstructions_: sending inst to dispatch: uid: 11    RENAMED 0 pid: 0 uopid: 0 'add	24,22,23' 
{0000000003 00000003 top.rename info} renameInstructions_: 	setup source register bit mask [41] for 'integer' scoreboard
{0000000003 00000003 top.rename info} renameInstructions_: 	setup source register bit mask [23,41] for 'integer' scoreboard
{0000000003 00000003 top.rename info} renameInstructions_: 	setup destination register bit mask [42] for 'integer' scoreboard
{0000000003 00000003 top.decode info} inCredits: Got credits from dut: 4
{0000000003 00000003 top.decode info} Sending group: 0x00000000 UID(18)  PID(0)  add, 0x00000000 UID(19)  PID(0)  add, 0x00000000 UID(20)  PID(0)  add, 0x00000000 UID(21)  PID(0)  add
{0000000004 00000004 top.execute.iq0 info} handleOperandIssueCheck_: Instruction NOT ready: uid: 1 DISPATCHED 0 pid: 0 uopid: 0 'add	4,2,3'  Bits needed:[0,3] rf: integer
{0000000004 00000004 top.dispatch info} dispatchQueueAppended_: queue appended: 0x00000000 UID(8)  PID(0)  add, 0x00000000 UID(9)  PID(0)  add, 0x00000000 UID(10)  PID(0)  add, 0x00000000 UID(11)  PID(0)  add
{0000000004 00000004 top.execute.exe0 info} executeInst_: Executed inst: uid: 0  SCHEDULED 0 pid: 0 uopid: 0 'add	2,0,1' 
{0000000004 00000004 top.dispatch info} dispatchInstructions_: Num to dispatch: 3
{0000000004 00000004 top.dispatch info} acceptInst: iq0: dispatching uid: 2    RENAMED 0 pid: 0 uopid: 0 'add	6,4,5' 
{0000000004 00000004 top.dispatch info} dispatchInstructions_: Sending instruction: uid: 2 DISPATCHED 0 pid: 0 uopid: 0 'add	6,4,5'  to iq0 of target type: INT
{0000000004 00000004 top.dispatch info} dispatchInstructions_: Could not dispatch: uid: 3    RENAMED 0 pid: 0 uopid: 0 'add	8,6,7'  stall: INT_BUSY
{0000000004 00000004 top.rename info} scheduleRenaming_: current stall: NOT_STALLED
{0000000004 00000004 top.rename info} renameInstructions_: sending inst to dispatch: uid: 12    RENAMED 0 pid: 0 uopid: 0 'add	26,24,25' 
{0000000004 00000004 top.rename info} renameInstructions_: 	setup source register bit mask [42] for 'integer' scoreboard
{0000000004 00000004 top.rename info} renameInstructions_: 	setup source register bit mask [25,42] for 'integer' scoreboard
{0000000004 00000004 top.rename info} renameInstructions_: 	setup destination register bit mask [43] for 'integer' scoreboard
{0000000004 00000004 top.decode info} inCredits: Got credits from dut: 1
{0000000004 00000004 top.decode info} Sending group: 0x00000000 UID(22)  PID(0)  add
{0000000005 00000005 top.execute.iq0 info} handleOperandIssueCheck_: Sending to issue queue uid: 1 DISPATCHED 0 pid: 0 uopid: 0 'add	4,2,3' 
{0000000005 00000005 top.execute.iq0 info} handleOperandIssueCheck_: Instruction NOT ready: uid: 2 DISPATCHED 0 pid: 0 uopid: 0 'add	6,4,5'  Bits needed:[5,32] rf: integer
{0000000005 00000005 top.dispatch info} dispatchQueueAppended_: queue appended: 0x00000000 UID(12)  PID(0)  add
{0000000005 00000005 top.execute.exe0 info} completeInst_: Completing inst: uid: 0  COMPLETED 0 pid: 0 uopid: 0 'add	2,0,1' 
{0000000005 00000005 top.execute.iq0 info} sendReadyInsts_: Sending instruction uid: 1 DISPATCHED 0 pid: 0 uopid: 0 'add	4,2,3'  to exe_pipe exe0
{0000000005 00000005 top.execute.exe0 info} insertInst: Executing: uid: 1  SCHEDULED 0 pid: 0 uopid: 0 'add	4,2,3'  for 6
{0000000005 00000005 top.dispatch info} receiveCredits_: iq0 got 1 credits, total: 7
{0000000005 00000005 top.dispatch info} dispatchInstructions_: Num to dispatch: 3
{0000000005 00000005 top.dispatch info} acceptInst: iq0: dispatching uid: 3    RENAMED 0 pid: 0 uopid: 0 'add	8,6,7' 
{0000000005 00000005 top.dispatch info} dispatchInstructions_: Sending instruction: uid: 3 DISPATCHED 0 pid: 0 uopid: 0 'add	8,6,7'  to iq0 of target type: INT
{0000000005 00000005 top.dispatch info} dispatchInstructions_: Could not dispatch: uid: 4    RENAMED 0 pid: 0 uopid: 0 'add	10,8,9'  stall: INT_BUSY
{0000000005 00000005 top.rename info} scheduleRenaming_: current stall: NOT_STALLED
{0000000005 00000005 top.rename info} renameInstructions_: sending inst to dispatch: uid: 13    RENAMED 0 pid: 0 uopid: 0 'add	28,26,27' 
{0000000005 00000005 top.rename info} renameInstructions_: 	setup source register bit mask [43] for 'integer' scoreboard
{0000000005 00000005 top.rename info} renameInstructions_: 	setup source register bit mask [27,43] for 'integer' scoreboard
{0000000005 00000005 top.rename info} renameInstructions_: 	setup destination register bit mask [44] for 'integer' scoreboard
{0000000005 00000005 top.decode info} inCredits: Got credits from dut: 1
{0000000005 00000005 top.decode info} Sending group: 0x00000000 UID(23)  PID(0)  add
{0000000006 00000006 top.execute.iq0 info} handleOperandIssueCheck_: Instruction NOT ready: uid: 3 DISPATCHED 0 pid: 0 uopid: 0 'add	8,6,7'  Bits needed:[7,33] rf: integer
{0000000006 00000006 top.dispatch info} dispatchQueueAppended_: queue appended: 0x00000000 UID(13)  PID(0)  add
{0000000006 00000006 top.execute.exe0 info} executeInst_: Executed inst: uid: 1  SCHEDULED 0 pid: 0 uopid: 0 'add	4,2,3' 
{0000000006 00000006 top.dispatch info} dispatchInstructions_: Num to dispatch: 3
{0000000006 00000006 top.dispatch info} acceptInst: iq0: dispatching uid: 4    RENAMED 0 pid: 0 uopid: 0 'add	10,8,9' 
{0000000006 00000006 top.dispatch info} dispatchInstructions_: Sending instruction: uid: 4 DISPATCHED 0 pid: 0 uopid: 0 'add	10,8,9'  to iq0 of target type: INT
{0000000006 00000006 top.dispatch info} dispatchInstructions_: Could not dispatch: uid: 5    RENAMED 0 pid: 0 uopid: 0 'add	12,10,11'  stall: INT_BUSY
{0000000006 00000006 top.rename info} scheduleRenaming_: current stall: NOT_STALLED
{0000000006 00000006 top.rename info} renameInstructions_: sending inst to dispatch: uid: 14    RENAMED 0 pid: 0 uopid: 0 'add	30,28,29' 
{0000000006 00000006 top.rename info} renameInstructions_: 	setup source register bit mask [44] for 'integer' scoreboard
{0000000006 00000006 top.rename info} renameInstructions_: 	setup source register bit mask [29,44] for 'integer' scoreboard
{0000000006 00000006 top.rename info} renameInstructions_: 	setup destination register bit mask [45] for 'integer' scoreboard
{0000000006 00000006 top.decode info} inCredits: Got credits from dut: 1
{0000000006 00000006 top.decode info} Sending group: 0x00000000 UID(24)  PID(0)  add
{0000000007 00000007 top.execute.iq0 info} handleOperandIssueCheck_: Sending to issue queue uid: 2 DISPATCHED 0 pid: 0 uopid: 0 'add	6,4,5' 
{0000000007 00000007 top.execute.iq0 info} handleOperandIssueCheck_: Instruction NOT ready: uid: 4 DISPATCHED 0 pid: 0 uopid: 0 'add	10,8,9'  Bits needed:[9,34] rf: integer
{0000000007 00000007 top.dispatch info} dispatchQueueAppended_: queue appended: 0x00000000 UID(14)  PID(0)  add
{0000000007 00000007 top.execute.exe0 info} completeInst_: Completing inst: uid: 1  COMPLETED 0 pid: 0 uopid: 0 'add	4,2,3' 
{0000000007 00000007 top.execute.iq0 info} sendReadyInsts_: Sending instruction uid: 2 DISPATCHED 0 pid: 0 uopid: 0 'add	6,4,5'  to exe_pipe exe0
{0000000007 00000007 top.execute.exe0 info} insertInst: Executing: uid: 2  SCHEDULED 0 pid: 0 uopid: 0 'add	6,4,5'  for 8
{0000000007 00000007 top.dispatch info} receiveCredits_: iq0 got 1 credits, total: 6
{0000000007 00000007 top.dispatch info} dispatchInstructions_: Num to dispatch: 3
{0000000007 00000007 top.dispatch info} acceptInst: iq0: dispatching uid: 5    RENAMED 0 pid: 0 uopid: 0 'add	12,10,11' 
{0000000007 00000007 top.dispatch info} dispatchInstructions_: Sending instruction: uid: 5 DISPATCHED 0 pid: 0 uopid: 0 'add	12,10,11'  to iq0 of target type: INT
{0000000007 00000007 top.dispatch info} dispatchInstructions_: Could not dispatch: uid: 6    RENAMED 0 pid: 0 uopid: 0 'add	14,12,13'  stall: INT_BUSY
{0000000007 00000007 top.rename info} scheduleRenaming_: current stall: NOT_STALLED
{0000000007 00000007 top.rename info} renameInstructions_: sending inst to dispatch: uid: 15    RENAMED 0 pid: 0 uopid: 0 'add	0,30,31' 
{0000000007 00000007 top.rename info} renameInstructions_: 	setup source register bit mask [45] for 'integer' scoreboard
{0000000007 00000007 top.rename info} renameInstructions_: 	setup source register bit mask [31,45] for 'integer' scoreboard
{0000000007 00000007 top.decode info} inCredits: Got credits from dut: 1
{0000000007 00000007 top.decode info} Sending group: 0x00000000 UID(25)  PID(0)  add
{0000000008 00000008 top.execute.iq0 info} handleOperandIssueCheck_: Instruction NOT ready: uid: 5 DISPATCHED 0 pid: 0 uopid: 0 'add	12,10,11'  Bits needed:[11,35] rf: integer
{0000000008 00000008 top.dispatch info} dispatchQueueAppended_: queue appended: 0x00000000 UID(15)  PID(0)  add
{0000000008 00000008 top.execute.exe0 info} executeInst_: Executed inst: uid: 2  SCHEDULED 0 pid: 0 uopid: 0 'add	6,4,5' 
{0000000008 00000008 top.dispatch info} dispatchInstructions_: Num to dispatch: 3
{0000000008 00000008 top.dispatch info} acceptInst: iq0: dispatching uid: 6    RENAMED 0 pid: 0 uopid: 0 'add	14,12,13' 
{0000000008 00000008 top.dispatch info} dispatchInstructions_: Sending instruction: uid: 6 DISPATCHED 0 pid: 0 uopid: 0 'add	14,12,13'  to iq0 of target type: INT
{0000000008 00000008 top.dispatch info} dispatchInstructions_: Could not dispatch: uid: 7    RENAMED 0 pid: 0 uopid: 0 'add	16,14,15'  stall: INT_BUSY
{0000000008 00000008 top.rename info} scheduleRenaming_: current stall: NOT_STALLED
{0000000008 00000008 top.rename info} renameInstructions_: sending inst to dispatch: uid: 16    RENAMED 0 pid: 0 uopid: 0 'add	2,0,1' 
{0000000008 00000008 top.rename info} renameInstructions_: 	setup source register bit mask [1] for 'integer' scoreboard
{0000000008 00000008 top.rename info} renameInstructions_: 	setup destination register bit mask [46] for 'integer' scoreboard
{0000000008 00000008 top.decode info} inCredits: Got credits from dut: 1
{0000000008 00000008 top.decode info} Sending group: 0x00000000 UID(26)  PID(0)  add
{0000000009 00000009 top.execute.iq0 info} handleOperandIssueCheck_: Sending to issue queue uid: 3 DISPATCHED 0 pid: 0 uopid: 0 'add	8,6,7' 
{0000000009 00000009 top.execute.iq0 info} handleOperandIssueCheck_: Instruction NOT ready: uid: 6 DISPATCHED 0 pid: 0 uopid: 0 'add	14,12,13'  Bits needed:[13,36] rf: integer
{0000000009 00000009 top.dispatch info} dispatchQueueAppended_: queue appended: 0x00000000 UID(16)  PID(0)  add
{0000000009 00000009 top.execute.exe0 info} completeInst_: Completing inst: uid: 2  COMPLETED 0 pid: 0 uopid: 0 'add	6,4,5' 
{0000000009 00000009 top.execute.iq0 info} sendReadyInsts_: Sending instruction uid: 3 DISPATCHED 0 pid: 0 uopid: 0 'add	8,6,7'  to exe_pipe exe0
{0000000009 00000009 top.execute.exe0 info} insertInst: Executing: uid: 3  SCHEDULED 0 pid: 0 uopid: 0 'add	8,6,7'  for 10
{0000000009 00000009 top.dispatch info} receiveCredits_: iq0 got 1 credits, total: 5
{0000000009 00000009 top.dispatch info} dispatchInstructions_: Num to dispatch: 3
{0000000009 00000009 top.dispatch info} acceptInst: iq0: dispatching uid: 7    RENAMED 0 pid: 0 uopid: 0 'add	16,14,15' 
{0000000009 00000009 top.dispatch info} dispatchInstructions_: Sending instruction: uid: 7 DISPATCHED 0 pid: 0 uopid: 0 'add	16,14,15'  to iq0 of target type: INT
{0000000009 00000009 top.dispatch info} dispatchInstructions_: Could not dispatch: uid: 8    RENAMED 0 pid: 0 uopid: 0 'add	18,16,17'  stall: INT_BUSY
{0000000009 00000009 top.rename info} scheduleRenaming_: current stall: NOT_STALLED
{0000000009 00000009 top.rename info} renameInstructions_: sending inst to dispatch: uid: 17    RENAMED 0 pid: 0 uopid: 0 'add	4,2,3' 
{0000000009 00000009 top.rename info} renameInstructions_: 	setup source register bit mask [46] for 'integer' scoreboard
{0000000009 00000009 top.rename info} renameInstructions_: 	setup source register bit mask [3,46] for 'integer' scoreboard
{0000000009 00000009 top.rename info} renameInstructions_: 	setup destination register bit mask [47] for 'integer' scoreboard
{0000000009 00000009 top.decode info} inCredits: Got credits from dut: 1
{0000000009 00000009 top.decode info} Sending group: 0x00000000 UID(27)  PID(0)  add
{0000000010 00000010 top.execute.iq0 info} handleOperandIssueCheck_: Instruction NOT ready: uid: 7 DISPATCHED 0 pid: 0 uopid: 0 'add	16,14,15'  Bits needed:[15,37] rf: integer
{0000000010 00000010 top.dispatch info} dispatchQueueAppended_: queue appended: 0x00000000 UID(17)  PID(0)  add
{0000000010 00000010 top.execute.exe0 info} executeInst_: Executed inst: uid: 3  SCHEDULED 0 pid: 0 uopid: 0 'add	8,6,7' 
{0000000010 00000010 top.dispatch info} dispatchInstructions_: Num to dispatch: 2
{0000000010 00000010 top.dispatch info} acceptInst: iq0: dispatching uid: 8    RENAMED 0 pid: 0 uopid: 0 'add	18,16,17' 
{0000000010 00000010 top.dispatch info} dispatchInstructions_: Sending instruction: uid: 8 DISPATCHED 0 pid: 0 uopid: 0 'add	18,16,17'  to iq0 of target type: INT
{0000000010 00000010 top.dispatch info} dispatchInstructions_: Could not dispatch: uid: 9    RENAMED 0 pid: 0 uopid: 0 'add	20,18,19'  stall: INT_BUSY
{0000000010 00000010 top.rename info} scheduleRenaming_: current stall: NOT_STALLED
{0000000010 00000010 top.rename info} renameInstructions_: sending inst to dispatch: uid: 18    RENAMED 0 pid: 0 uopid: 0 'add	6,4,5' 
{0000000010 00000010 top.rename info} renameInstructions_: 	setup source register bit mask [47] for 'integer' scoreboard
{0000000010 00000010 top.rename info} renameInstructions_: 	setup source register bit mask [5,47] for 'integer' scoreboard
{0000000010 00000010 top.rename info} renameInstructions_: 	setup destination register bit mask [48] for 'integer' scoreboard
{0000000010 00000010 top.decode info} inCredits: Got credits from dut: 1
{0000000010 00000010 top.decode info} Sending group: 0x00000000 UID(28)  PID(0)  add
{0000000011 00000011 top.execute.iq0 info} handleOperandIssueCheck_: Sending to issue queue uid: 4 DISPATCHED 0 pid: 0 uopid: 0 'add	10,8,9' 
{0000000011 00000011 top.execute.iq0 info} handleOperandIssueCheck_: Instruction NOT ready: uid: 8 DISPATCHED 0 pid: 0 uopid: 0 'add	18,16,17'  Bits needed:[17,38] rf: integer
{0000000011 00000011 top.dispatch info} dispatchQueueAppended_: queue appended: 0x00000000 UID(18)  PID(0)  add
{0000000011 00000011 top.execute.exe0 info} completeInst_: Completing inst: uid: 3  COMPLETED 0 pid: 0 uopid: 0 'add	8,6,7' 
{0000000011 00000011 top.execute.iq0 info} sendReadyInsts_: Sending instruction uid: 4 DISPATCHED 0 pid: 0 uopid: 0 'add	10,8,9'  to exe_pipe exe0
{0000000011 00000011 top.execute.exe0 info} insertInst: Executing: uid: 4  SCHEDULED 0 pid: 0 uopid: 0 'add	10,8,9'  for 12
{0000000011 00000011 top.dispatch info} receiveCredits_: iq0 got 1 credits, total: 4
{0000000011 00000011 top.dispatch info} dispatchInstructions_: Num to dispatch: 1
{0000000011 00000011 top.dispatch info} acceptInst: iq0: dispatching uid: 9    RENAMED 0 pid: 0 uopid: 0 'add	20,18,19' 
{0000000011 00000011 top.dispatch info} dispatchInstructions_: Sending instruction: uid: 9 DISPATCHED 0 pid: 0 uopid: 0 'add	20,18,19'  to iq0 of target type: INT
{0000000011 00000011 top.rename info} scheduleRenaming_: current stall: NOT_STALLED
{0000000011 00000011 top.rename info} renameInstructions_: sending inst to dispatch: uid: 19    RENAMED 0 pid: 0 uopid: 0 'add	8,6,7' 
{0000000011 00000011 top.rename info} renameInstructions_: 	setup source register bit mask [48] for 'integer' scoreboard
{0000000011 00000011 top.rename info} renameInstructions_: 	setup source register bit mask [7,48] for 'integer' scoreboard
{0000000011 00000011 top.rename info} renameInstructions_: 	setup destination register bit mask [49] for 'integer' scoreboard
{0000000011 00000011 top.decode info} inCredits: Got credits from dut: 1
{0000000011 00000011 top.decode info} Sending group: 0x00000000 UID(29)  PID(0)  add
{0000000012 00000012 top.execute.iq0 info} handleOperandIssueCheck_: Instruction NOT ready: uid: 9 DISPATCHED 0 pid: 0 uopid: 0 'add	20,18,19'  Bits needed:[19,39] rf: integer
{0000000012 00000012 top.dispatch info} dispatchQueueAppended_: queue appended: 0x00000000 UID(19)  PID(0)  add
{0000000012 00000012 top.dispatch info} scheduleDispatchSession: no rob credits or no instructions to process
{0000000012 00000012 top.execute.exe0 info} executeInst_: Executed inst: uid: 4  SCHEDULED 0 pid: 0 uopid: 0 'add	10,8,9' 
{0000000013 00000013 top.execute.iq0 info} handleOperandIssueCheck_: Sending to issue queue uid: 5 DISPATCHED 0 pid: 0 uopid: 0 'add	12,10,11' 
{0000000013 00000013 top.execute.exe0 info} completeInst_: Completing inst: uid: 4  COMPLETED 0 pid: 0 uopid: 0 'add	10,8,9' 
{0000000013 00000013 top.execute.iq0 info} sendReadyInsts_: Sending instruction uid: 5 DISPATCHED 0 pid: 0 uopid: 0 'add	12,10,11'  to exe_pipe exe0
{0000000013 00000013 top.execute.exe0 info} insertInst: Executing: uid: 5  SCHEDULED 0 pid: 0 uopid: 0 'add	12,10,11'  for 14
{0000000013 00000013 top.dispatch info} receiveCredits_: iq0 got 1 credits, total: 4
{0000000013 00000013 top.dispatch info} scheduleDispatchSession: no rob credits or no instructions to process
{0000000014 00000014 top.execute.exe0 info} executeInst_: Executed inst: uid: 5  SCHEDULED 0 pid: 0 uopid: 0 'add	12,10,11' 
{0000000015 00000015 top.execute.iq0 info} handleOperandIssueCheck_: Sending to issue queue uid: 6 DISPATCHED 0 pid: 0 uopid: 0 'add	14,12,13' 
{0000000015 00000015 top.execute.exe0 info} completeInst_: Completing inst: uid: 5  COMPLETED 0 pid: 0 uopid: 0 'add	12,10,11' 
{0000000015 00000015 top.execute.iq0 info} sendReadyInsts_: Sending instruction uid: 6 DISPATCHED 0 pid: 0 uopid: 0 'add	14,12,13'  to exe_pipe exe0
{0000000015 00000015 top.execute.exe0 info} insertInst: Executing: uid: 6  SCHEDULED 0 pid: 0 uopid: 0 'add	14,12,13'  for 16
{0000000015 00000015 top.dispatch info} receiveCredits_: iq0 got 1 credits, total: 5
{0000000015 00000015 top.dispatch info} scheduleDispatchSession: no rob credits or no instructions to process
{0000000016 00000016 top.execute.exe0 info} executeInst_: Executed inst: uid: 6  SCHEDULED 0 pid: 0 uopid: 0 'add	14,12,13' 
{0000000017 00000017 top.execute.iq0 info} handleOperandIssueCheck_: Sending to issue queue uid: 7 DISPATCHED 0 pid: 0 uopid: 0 'add	16,14,15' 
{0000000017 00000017 top.execute.exe0 info} completeInst_: Completing inst: uid: 6  COMPLETED 0 pid: 0 uopid: 0 'add	14,12,13' 
{0000000017 00000017 top.execute.iq0 info} sendReadyInsts_: Sending instruction uid: 7 DISPATCHED 0 pid: 0 uopid: 0 'add	16,14,15'  to exe_pipe exe0
{0000000017 00000017 top.execute.exe0 info} insertInst: Executing: uid: 7  SCHEDULED 0 pid: 0 uopid: 0 'add	16,14,15'  for 18
{0000000017 00000017 top.dispatch info} receiveCredits_: iq0 got 1 credits, total: 6
{0000000017 00000017 top.dispatch info} scheduleDispatchSession: no rob credits or no instructions to process
{0000000018 00000018 top.execute.exe0 info} executeInst_: Executed inst: uid: 7  SCHEDULED 0 pid: 0 uopid: 0 'add	16,14,15' 
{0000000019 00000019 top.execute.iq0 info} handleOperandIssueCheck_: Sending to issue queue uid: 8 DISPATCHED 0 pid: 0 uopid: 0 'add	18,16,17' 
{0000000019 00000019 top.execute.exe0 info} completeInst_: Completing inst: uid: 7  COMPLETED 0 pid: 0 uopid: 0 'add	16,14,15' 
{0000000019 00000019 top.execute.iq0 info} sendReadyInsts_: Sending instruction uid: 8 DISPATCHED 0 pid: 0 uopid: 0 'add	18,16,17'  to exe_pipe exe0
{0000000019 00000019 top.execute.exe0 info} insertInst: Executing: uid: 8  SCHEDULED 0 pid: 0 uopid: 0 'add	18,16,17'  for 20
{0000000019 00000019 top.dispatch info} receiveCredits_: iq0 got 1 credits, total: 7
{0000000019 00000019 top.dispatch info} scheduleDispatchSession: no rob credits or no instructions to process
{0000000020 00000020 top.execute.exe0 info} executeInst_: Executed inst: uid: 8  SCHEDULED 0 pid: 0 uopid: 0 'add	18,16,17' 
{0000000021 00000021 top.execute.iq0 info} handleOperandIssueCheck_: Sending to issue queue uid: 9 DISPATCHED 0 pid: 0 uopid: 0 'add	20,18,19' 
{0000000021 00000021 top.execute.exe0 info} completeInst_: Completing inst: uid: 8  COMPLETED 0 pid: 0 uopid: 0 'add	18,16,17' 
{0000000021 00000021 top.execute.iq0 info} sendReadyInsts_: Sending instruction uid: 9 DISPATCHED 0 pid: 0 uopid: 0 'add	20,18,19'  to exe_pipe exe0
{0000000021 00000021 top.execute.exe0 info} insertInst: Executing: uid: 9  SCHEDULED 0 pid: 0 uopid: 0 'add	20,18,19'  for 22
{0000000021 00000021 top.dispatch info} receiveCredits_: iq0 got 1 credits, total: 8
{0000000021 00000021 top.dispatch info} scheduleDispatchSession: no rob credits or no instructions to process
{0000000022 00000022 top.execute.exe0 info} executeInst_: Executed inst: uid: 9  SCHEDULED 0 pid: 0 uopid: 0 'add	20,18,19' 
{0000000023 00000023 top.execute.exe0 info} completeInst_: Completing inst: uid: 9  COMPLETED 0 pid: 0 uopid: 0 'add	20,18,19' 
